---
source: crates/rolldown/tests/common/case.rs
expression: content
input_file: crates/rolldown/tests/fixtures/warnings/missing_exports
---
# warnings

## MISSING_EXPORT

```text
[MISSING_EXPORT] Warning: Found missing export.
   ╭─[main.js:1:10]
   │
 1 │ import { value } from "./foo";
   │          ──┬──  
   │            ╰──── "value" is not exported by "foo.js", imported by "main.js".
───╯

```
# Assets

## main.mjs

```js
// main.js
```
