---
source: crates/rolldown/tests/common/case.rs
expression: content
input_file: crates/rolldown/tests/fixtures/warnings/circular_dependency
---
# warnings

## CIRCULAR_DEPENDENCY

```text
[CIRCULAR_DEPENDENCY] Error: Circular dependency: foo.js -> main.js -> foo.js.

```
## CIRCULAR_DEPENDENCY

```text
[CIRCULAR_DEPENDENCY] Error: Circular dependency: entry.js -> foo.js -> entry.js.

```
# Assets

## entry.mjs

```js

```
## main.mjs

```js

```
## main_js.mjs

```js
// main.js

// foo.js


// entry.js
```
